npm warn Unknown project config "puppeteer_skip_download". This will stop working in the next major version of npm. See `npm help npmrc` for supported config options.

> backend@0.0.1 build
> node --max-old-space-size=8192 ./node_modules/@nestjs/cli/bin/nest.js build

